------------------------------------------------------------
Timing Analyzer Summary
------------------------------------------------------------

Type  : Slow 1200mV 85C Model Setup 'clk'
Slack : -9.195
TNS   : -1705.095

Type  : Slow 1200mV 85C Model Setup 'sel_drive:inst_sel_drive|flag'
Slack : -1.963
TNS   : -7.742

Type  : Slow 1200mV 85C Model Hold 'sel_drive:inst_sel_drive|flag'
Slack : 0.195
TNS   : 0.000

Type  : Slow 1200mV 85C Model Hold 'clk'
Slack : 0.453
TNS   : 0.000

Type  : Slow 1200mV 85C Model Minimum Pulse Width 'clk'
Slack : -3.000
TNS   : -507.093

Type  : Slow 1200mV 85C Model Minimum Pulse Width 'sel_drive:inst_sel_drive|flag'
Slack : 0.437
TNS   : 0.000

Type  : Slow 1200mV 0C Model Setup 'clk'
Slack : -8.570
TNS   : -1577.507

Type  : Slow 1200mV 0C Model Setup 'sel_drive:inst_sel_drive|flag'
Slack : -1.909
TNS   : -7.588

Type  : Slow 1200mV 0C Model Hold 'sel_drive:inst_sel_drive|flag'
Slack : 0.306
TNS   : 0.000

Type  : Slow 1200mV 0C Model Hold 'clk'
Slack : 0.401
TNS   : 0.000

Type  : Slow 1200mV 0C Model Minimum Pulse Width 'clk'
Slack : -3.000
TNS   : -507.093

Type  : Slow 1200mV 0C Model Minimum Pulse Width 'sel_drive:inst_sel_drive|flag'
Slack : 0.342
TNS   : 0.000

Type  : Fast 1200mV 0C Model Setup 'clk'
Slack : -3.388
TNS   : -548.262

Type  : Fast 1200mV 0C Model Setup 'sel_drive:inst_sel_drive|flag'
Slack : -0.489
TNS   : -1.123

Type  : Fast 1200mV 0C Model Hold 'clk'
Slack : 0.186
TNS   : 0.000

Type  : Fast 1200mV 0C Model Hold 'sel_drive:inst_sel_drive|flag'
Slack : 0.224
TNS   : 0.000

Type  : Fast 1200mV 0C Model Minimum Pulse Width 'clk'
Slack : -3.000
TNS   : -364.044

Type  : Fast 1200mV 0C Model Minimum Pulse Width 'sel_drive:inst_sel_drive|flag'
Slack : 0.361
TNS   : 0.000

------------------------------------------------------------
